// Jest Snapshot v1, https://goo.gl/fbAQLP

exports[`Есть кнопка в Authorization Поиск по классу 1`] = `undefined`;
